---
source: crates/openhwp_parser/src/body/tests/mod.rs
expression: seed
---
1542939838
