---
source: crates/openhwp_parser/src/body/tests/mod.rs
expression: hash_code
---
[
    55,
    0,
    68,
    0,
    55,
    0,
    53,
    0,
    53,
    0,
    57,
    0,
    69,
    0,
    54,
    0,
]
